[0m11:15:36.410647 [debug] [MainThread]: Sending event: {'category': 'dbt', 'action': 'invocation', 'label': 'start', 'context': [<snowplow_tracker.self_describing_json.SelfDescribingJson object at 0x73eae59c3670>, <snowplow_tracker.self_describing_json.SelfDescribingJson object at 0x73eae4734430>, <snowplow_tracker.self_describing_json.SelfDescribingJson object at 0x73eae47343d0>]}


============================== 11:15:36.417594 | 6a6174bb-a450-4a59-826a-7a19f20b98c6 ==============================
[0m11:15:36.417594 [info ] [MainThread]: Running with dbt=1.10.4
[0m11:15:36.419182 [debug] [MainThread]: running dbt with arguments {'printer_width': '80', 'indirect_selection': 'eager', 'write_json': 'True', 'log_cache_events': 'False', 'partial_parse': 'True', 'cache_selected_only': 'False', 'warn_error': 'None', 'fail_fast': 'False', 'debug': 'False', 'log_path': 'logs', 'version_check': 'True', 'profiles_dir': '/home/bxt058y/.dbt', 'use_colors': 'True', 'use_experimental_parser': 'False', 'no_print': 'None', 'quiet': 'False', 'empty': 'None', 'warn_error_options': 'WarnErrorOptionsV2(error=[], warn=[], silence=[])', 'static_parser': 'True', 'invocation_command': 'dbt init dbt', 'introspect': 'True', 'target_path': 'None', 'log_format': 'default', 'send_anonymous_usage_stats': 'True'}
[0m11:15:36.447332 [info ] [MainThread]: Creating dbt configuration folder at /home/bxt058y/.dbt
[0m11:16:49.818792 [debug] [MainThread]: Starter project path: /home/bxt058y/projects/shopsmart-etl/shopsmart-etl-venv/lib/python3.10/site-packages/dbt/include/starter_project
[0m11:16:49.824326 [info ] [MainThread]: 
Your new dbt project "shopsmart_etl" was created!

For more information on how to configure the profiles.yml file,
please consult the dbt documentation here:

  https://docs.getdbt.com/docs/configure-your-profile

One more thing:

Need help? Don't hesitate to reach out to us via GitHub issues or on Slack:

  https://community.getdbt.com/

Happy modeling!

[0m11:16:49.825174 [info ] [MainThread]: Setting up your profile.
[0m11:20:50.718577 [info ] [MainThread]: Profile shopsmart_etl written to /home/bxt058y/.dbt/profiles.yml using target's profile_template.yml and your supplied values. Run 'dbt debug' to validate the connection.
[0m11:20:50.724227 [debug] [MainThread]: Resource report: {"command_name": "init", "command_success": true, "command_wall_clock_time": 314.4645, "process_in_blocks": "2648", "process_kernel_time": 0.670723, "process_mem_max_rss": "117028", "process_out_blocks": "88", "process_user_time": 1.609721}
[0m11:20:50.726928 [debug] [MainThread]: Command `dbt init` succeeded at 11:20:50.726550 after 314.47 seconds
[0m11:20:50.728049 [debug] [MainThread]: Sending event: {'category': 'dbt', 'action': 'invocation', 'label': 'end', 'context': [<snowplow_tracker.self_describing_json.SelfDescribingJson object at 0x73eae59c3670>, <snowplow_tracker.self_describing_json.SelfDescribingJson object at 0x73eae4734430>, <snowplow_tracker.self_describing_json.SelfDescribingJson object at 0x73eae4734400>]}
[0m11:20:50.728823 [debug] [MainThread]: Flushing usage events
[0m11:20:50.956857 [debug] [MainThread]: An error was encountered while trying to flush usage events
[0m11:25:53.462427 [debug] [MainThread]: Sending event: {'category': 'dbt', 'action': 'invocation', 'label': 'start', 'context': [<snowplow_tracker.self_describing_json.SelfDescribingJson object at 0x72ca52dc7670>, <snowplow_tracker.self_describing_json.SelfDescribingJson object at 0x72ca51b3c460>, <snowplow_tracker.self_describing_json.SelfDescribingJson object at 0x72ca51b3c3d0>]}


============================== 11:25:53.465510 | 2cee62be-14eb-4c91-b0c4-cd426b0898c5 ==============================
[0m11:25:53.465510 [info ] [MainThread]: Running with dbt=1.10.4
[0m11:25:53.466143 [debug] [MainThread]: running dbt with arguments {'printer_width': '80', 'indirect_selection': 'eager', 'log_cache_events': 'False', 'write_json': 'True', 'partial_parse': 'True', 'cache_selected_only': 'False', 'warn_error': 'None', 'version_check': 'True', 'debug': 'False', 'log_path': 'logs', 'fail_fast': 'False', 'profiles_dir': '/home/bxt058y/.dbt', 'use_colors': 'True', 'use_experimental_parser': 'False', 'empty': 'None', 'quiet': 'False', 'no_print': 'None', 'log_format': 'default', 'introspect': 'True', 'static_parser': 'True', 'invocation_command': 'dbt debug', 'target_path': 'None', 'warn_error_options': 'WarnErrorOptionsV2(error=[], warn=[], silence=[])', 'send_anonymous_usage_stats': 'True'}
[0m11:25:53.473901 [info ] [MainThread]: dbt version: 1.10.4
[0m11:25:53.474864 [info ] [MainThread]: python version: 3.10.12
[0m11:25:53.475476 [info ] [MainThread]: python path: /home/bxt058y/projects/shopsmart-etl/shopsmart-etl-venv/bin/python3
[0m11:25:53.476010 [info ] [MainThread]: os info: Linux-6.6.87.2-microsoft-standard-WSL2-x86_64-with-glibc2.35
[0m11:25:54.008357 [info ] [MainThread]: Using profiles dir at /home/bxt058y/.dbt
[0m11:25:54.009209 [info ] [MainThread]: Using profiles.yml file at /home/bxt058y/.dbt/profiles.yml
[0m11:25:54.009811 [info ] [MainThread]: Using dbt_project.yml file at /home/bxt058y/projects/shopsmart-etl/dbt_project.yml
[0m11:25:54.010696 [info ] [MainThread]: adapter type: snowflake
[0m11:25:54.011283 [info ] [MainThread]: adapter version: 1.10.0
[0m11:25:54.012067 [info ] [MainThread]: Configuration:
[0m11:25:54.012632 [info ] [MainThread]:   profiles.yml file [[32mOK found and valid[0m]
[0m11:25:54.013143 [info ] [MainThread]:   dbt_project.yml file [[31mERROR not found[0m]
[0m11:25:54.013623 [info ] [MainThread]: Required dependencies:
[0m11:25:54.014221 [debug] [MainThread]: Executing "git --help"
[0m11:25:54.025130 [debug] [MainThread]: STDOUT: "b"usage: git [--version] [--help] [-C <path>] [-c <name>=<value>]\n           [--exec-path[=<path>]] [--html-path] [--man-path] [--info-path]\n           [-p | --paginate | -P | --no-pager] [--no-replace-objects] [--bare]\n           [--git-dir=<path>] [--work-tree=<path>] [--namespace=<name>]\n           [--super-prefix=<path>] [--config-env=<name>=<envvar>]\n           <command> [<args>]\n\nThese are common Git commands used in various situations:\n\nstart a working area (see also: git help tutorial)\n   clone     Clone a repository into a new directory\n   init      Create an empty Git repository or reinitialize an existing one\n\nwork on the current change (see also: git help everyday)\n   add       Add file contents to the index\n   mv        Move or rename a file, a directory, or a symlink\n   restore   Restore working tree files\n   rm        Remove files from the working tree and from the index\n\nexamine the history and state (see also: git help revisions)\n   bisect    Use binary search to find the commit that introduced a bug\n   diff      Show changes between commits, commit and working tree, etc\n   grep      Print lines matching a pattern\n   log       Show commit logs\n   show      Show various types of objects\n   status    Show the working tree status\n\ngrow, mark and tweak your common history\n   branch    List, create, or delete branches\n   commit    Record changes to the repository\n   merge     Join two or more development histories together\n   rebase    Reapply commits on top of another base tip\n   reset     Reset current HEAD to the specified state\n   switch    Switch branches\n   tag       Create, list, delete or verify a tag object signed with GPG\n\ncollaborate (see also: git help workflows)\n   fetch     Download objects and refs from another repository\n   pull      Fetch from and integrate with another repository or a local branch\n   push      Update remote refs along with associated objects\n\n'git help -a' and 'git help -g' list available subcommands and some\nconcept guides. See 'git help <command>' or 'git help <concept>'\nto read about a specific subcommand or concept.\nSee 'git help git' for an overview of the system.\n""
[0m11:25:54.025720 [debug] [MainThread]: STDERR: "b''"
[0m11:25:54.026061 [info ] [MainThread]:  - git [[32mOK found[0m]

[0m11:25:54.026596 [info ] [MainThread]: Connection:
[0m11:25:54.027044 [info ] [MainThread]:   account: DPYZSOW-BNC37160.snowflakecomputing.com
[0m11:25:54.027551 [info ] [MainThread]:   user: BTAVA001
[0m11:25:54.028003 [info ] [MainThread]:   database: SHOPSMART
[0m11:25:54.028465 [info ] [MainThread]:   warehouse: SHOPSMART_WH
[0m11:25:54.029113 [info ] [MainThread]:   role: ACCOUNTADMIN
[0m11:25:54.029541 [info ] [MainThread]:   schema: STAGING
[0m11:25:54.029964 [info ] [MainThread]:   authenticator: None
[0m11:25:54.030444 [info ] [MainThread]:   oauth_client_id: None
[0m11:25:54.030938 [info ] [MainThread]:   query_tag: None
[0m11:25:54.031468 [info ] [MainThread]:   client_session_keep_alive: False
[0m11:25:54.032002 [info ] [MainThread]:   host: None
[0m11:25:54.032428 [info ] [MainThread]:   port: None
[0m11:25:54.032943 [info ] [MainThread]:   proxy_host: None
[0m11:25:54.033264 [info ] [MainThread]:   proxy_port: None
[0m11:25:54.033697 [info ] [MainThread]:   protocol: None
[0m11:25:54.034081 [info ] [MainThread]:   connect_retries: 1
[0m11:25:54.035028 [info ] [MainThread]:   connect_timeout: None
[0m11:25:54.035655 [info ] [MainThread]:   retry_on_database_errors: False
[0m11:25:54.036143 [info ] [MainThread]:   retry_all: False
[0m11:25:54.036517 [info ] [MainThread]:   insecure_mode: False
[0m11:25:54.036870 [info ] [MainThread]:   reuse_connections: True
[0m11:25:54.037331 [info ] [MainThread]:   s3_stage_vpce_dns_name: None
[0m11:25:54.038031 [info ] [MainThread]: Registered adapter: snowflake=1.10.0
[0m11:25:54.151960 [debug] [MainThread]: Acquiring new snowflake connection 'debug'
[0m11:25:54.240521 [debug] [MainThread]: Using snowflake connection "debug"
[0m11:25:54.241558 [debug] [MainThread]: On debug: select 1 as id
[0m11:25:54.242125 [debug] [MainThread]: Opening a new connection, currently in state init
[0m11:25:57.415964 [debug] [MainThread]: Snowflake adapter: Error running SQL: select 1 as id
[0m11:25:57.417883 [debug] [MainThread]: Snowflake adapter: Rolling back transaction.
[0m11:25:57.419134 [info ] [MainThread]:   Connection test: [[31mERROR[0m]

[0m11:25:57.420803 [info ] [MainThread]: [31m2 checks failed:[0m
[0m11:25:57.422161 [info ] [MainThread]: Project loading failed for the following reason:
 project path </home/bxt058y/projects/shopsmart-etl/dbt_project.yml> not found

[0m11:25:57.423129 [info ] [MainThread]: dbt was unable to connect to the specified database.
The database returned the following error:

  >Database Error
  250001: Could not connect to Snowflake backend after 2 attempt(s).Aborting
  Verify that the hostnames and port numbers in SYSTEM$ALLOWLIST are added to your firewall's allowed list.
  To further troubleshoot your connection you may reference the following article: https://docs.snowflake.com/en/user-guide/client-connectivity-troubleshooting/overview.

Check your database credentials and try again. For more information, visit:
https://docs.getdbt.com/docs/configure-your-profile


[0m11:25:57.424657 [debug] [MainThread]: Resource report: {"command_name": "debug", "command_success": false, "command_wall_clock_time": 4.0369983, "process_in_blocks": "80", "process_kernel_time": 1.184436, "process_mem_max_rss": "134468", "process_out_blocks": "2432", "process_user_time": 2.421425}
[0m11:25:57.425605 [debug] [MainThread]: Command `dbt debug` failed at 11:25:57.425396 after 4.04 seconds
[0m11:25:57.426304 [debug] [MainThread]: Connection 'debug' was left open.
[0m11:25:57.429937 [debug] [MainThread]: On debug: No close available on handle
[0m11:25:57.430920 [debug] [MainThread]: Sending event: {'category': 'dbt', 'action': 'invocation', 'label': 'end', 'context': [<snowplow_tracker.self_describing_json.SelfDescribingJson object at 0x72ca52dc7670>, <snowplow_tracker.self_describing_json.SelfDescribingJson object at 0x72ca505e1d50>, <snowplow_tracker.self_describing_json.SelfDescribingJson object at 0x72ca51b0db40>]}
[0m11:25:57.431779 [debug] [MainThread]: Flushing usage events
[0m11:25:57.689461 [debug] [MainThread]: An error was encountered while trying to flush usage events
[0m19:19:38.165789 [debug] [MainThread]: Sending event: {'category': 'dbt', 'action': 'invocation', 'label': 'start', 'context': [<snowplow_tracker.self_describing_json.SelfDescribingJson object at 0x7e28228b76d0>, <snowplow_tracker.self_describing_json.SelfDescribingJson object at 0x7e282163d7b0>, <snowplow_tracker.self_describing_json.SelfDescribingJson object at 0x7e282163d750>]}


============================== 19:19:38.169683 | 39f92160-8e9c-416a-ae8b-2537177b0cc4 ==============================
[0m19:19:38.169683 [info ] [MainThread]: Running with dbt=1.10.4
[0m19:19:38.170179 [debug] [MainThread]: running dbt with arguments {'printer_width': '80', 'indirect_selection': 'eager', 'log_cache_events': 'False', 'write_json': 'True', 'partial_parse': 'True', 'cache_selected_only': 'False', 'profiles_dir': '/home/bxt058y/.dbt', 'fail_fast': 'False', 'warn_error': 'None', 'log_path': 'logs', 'version_check': 'True', 'debug': 'False', 'use_colors': 'True', 'use_experimental_parser': 'False', 'empty': 'False', 'quiet': 'False', 'no_print': 'None', 'log_format': 'default', 'invocation_command': 'dbt run', 'warn_error_options': 'WarnErrorOptionsV2(error=[], warn=[], silence=[])', 'introspect': 'True', 'target_path': 'None', 'static_parser': 'True', 'send_anonymous_usage_stats': 'True'}
[0m19:19:38.170606 [error] [MainThread]: Encountered an error:
Runtime Error
  No dbt_project.yml found at expected path /home/bxt058y/projects/shopsmart-etl/dbt_project.yml
  Verify that each entry within packages.yml (and their transitive dependencies) contains a file named dbt_project.yml
  
[0m19:19:38.171804 [debug] [MainThread]: Resource report: {"command_name": "run", "command_success": false, "command_wall_clock_time": 0.057007734, "process_in_blocks": "34088", "process_kernel_time": 0.183568, "process_mem_max_rss": "94452", "process_out_blocks": "16", "process_user_time": 1.202957}
[0m19:19:38.172237 [debug] [MainThread]: Command `dbt run` failed at 19:19:38.172130 after 0.06 seconds
[0m19:19:38.172701 [debug] [MainThread]: Sending event: {'category': 'dbt', 'action': 'invocation', 'label': 'end', 'context': [<snowplow_tracker.self_describing_json.SelfDescribingJson object at 0x7e28228b76d0>, <snowplow_tracker.self_describing_json.SelfDescribingJson object at 0x7e282163de70>, <snowplow_tracker.self_describing_json.SelfDescribingJson object at 0x7e282163d7b0>]}
[0m19:19:38.173053 [debug] [MainThread]: Flushing usage events
[0m19:19:38.449507 [debug] [MainThread]: An error was encountered while trying to flush usage events
